// Vitest Snapshot v1, https://vitest.dev/guide/snapshot.html

exports[`Header > renders the home link and menu 1`] = `
<div
  class="site-header"
>
  <div
    class="container"
  >
    <div
      class="site-header-row"
    >
      <a
        aria-label="Go to homepage"
        class="site-header-brand"
        href="/"
      >
        <img
          alt="Hiero logo"
          class="site-header-logo"
          height="60"
          src="/images/Hiero-Logo-wText.svg"
          width="207"
        />
      </a>
      <div
        data-testid="menu"
      >
        Mock menu
      </div>
    </div>
  </div>
</div>
`;
