// Vitest Snapshot v1, https://vitest.dev/guide/snapshot.html

exports[`HeroSection > matches the rendered structure 1`] = `
<section
  aria-labelledby="hero-title"
  class="hero-section"
  id="hero"
>
  <div
    class="container hero-section-inner"
  >
    <p
      class="hero-section-eyebrow"
    >
      A Linux Foundation Decentralized Trust project
    </p>
    <div
      class="hero-section-lockup"
    >
      <h1
        class="hero-section-title"
        id="hero-title"
      >
        Hiero
      </h1>
      <div
        class="hero-section-pitch"
      >
        <p
          class="hero-section-lede"
        >
          Open-source, vendor-neutral distributed ledger technology.
        </p>
        <div
          class="hero-section-actions"
        >
          <a
            class="hero-section-action hero-section-action--primary"
            href="/#contribute"
          >
            Start contributing
          </a>
          <a
            aria-label="Browse the code (opens in a new tab)"
            class="hero-section-action hero-section-action--ghost"
            href="https://github.com/hiero-ledger/"
            rel="noopener noreferrer"
            target="_blank"
          >
            Browse the code
            <span
              aria-hidden="true"
              class="hero-section-action-glyph"
            >
              ↗
            </span>
          </a>
        </div>
      </div>
    </div>
    <ul
      class="hero-section-colophon"
    >
      <li
        class="hero-section-fact"
      >
        <span
          class="hero-section-fact-value"
        >
          20
        </span>
        Core repositories
      </li>
      <li
        class="hero-section-fact"
      >
        <span
          class="hero-section-fact-value"
        >
          2,256
        </span>
        GitHub stars
      </li>
      <li
        class="hero-section-fact"
      >
        <span
          class="hero-section-fact-value"
        >
          14
        </span>
        Community calls
      </li>
    </ul>
  </div>
</section>
`;
