// Vitest Snapshot v1, https://vitest.dev/guide/snapshot.html

exports[`WhatIsHieroSection > matches the rendered structure 1`] = `
<section
  aria-labelledby="what-is-hiero-heading"
  class="hiero-principles"
  id="what-is-hiero"
>
  <div
    aria-hidden="true"
    class="gossip-field gossip-field--principles"
  >
    <svg
      class="gossip-field-web"
      focusable="false"
      preserveAspectRatio="xMidYMid slice"
      viewBox="0 0 1200 760"
    >
      <g
        class="gossip-field-links"
      >
        <line
          x1="570"
          x2="657"
          y1="243"
          y2="328"
        />
        <line
          x1="570"
          x2="442"
          y1="243"
          y2="265"
        />
        <line
          x1="997"
          x2="889"
          y1="682"
          y2="599"
        />
        <line
          x1="997"
          x2="857"
          y1="682"
          y2="690"
        />
        <line
          x1="338"
          x2="308"
          y1="206"
          y2="119"
        />
        <line
          x1="338"
          x2="305"
          y1="206"
          y2="304"
        />
        <line
          x1="984"
          x2="892"
          y1="334"
          y2="320"
        />
        <line
          x1="984"
          x2="1072"
          y1="334"
          y2="386"
        />
        <line
          x1="725"
          x2="574"
          y1="36"
          y2="85"
        />
        <line
          x1="725"
          x2="777"
          y1="36"
          y2="222"
        />
        <line
          x1="503"
          x2="336"
          y1="424"
          y2="433"
        />
        <line
          x1="503"
          x2="442"
          y1="424"
          y2="265"
        />
        <line
          x1="308"
          x2="390"
          y1="119"
          y2="53"
        />
        <line
          x1="308"
          x2="450"
          y1="119"
          y2="124"
        />
        <line
          x1="390"
          x2="450"
          y1="53"
          y2="124"
        />
        <line
          x1="390"
          x2="574"
          y1="53"
          y2="85"
        />
        <line
          x1="777"
          x2="874"
          y1="222"
          y2="218"
        />
        <line
          x1="777"
          x2="892"
          y1="222"
          y2="320"
        />
        <line
          x1="882"
          x2="892"
          y1="431"
          y2="320"
        />
        <line
          x1="882"
          x2="974"
          y1="431"
          y2="502"
        />
        <line
          x1="974"
          x2="889"
          y1="502"
          y2="599"
        />
        <line
          x1="974"
          x2="1072"
          y1="502"
          y2="386"
        />
        <line
          x1="104"
          x2="79"
          y1="331"
          y2="219"
        />
        <line
          x1="104"
          x2="128"
          y1="331"
          y2="449"
        />
        <line
          x1="141"
          x2="79"
          y1="134"
          y2="219"
        />
        <line
          x1="141"
          x2="112"
          y1="134"
          y2="10"
        />
        <line
          x1="983"
          x2="940"
          y1="21"
          y2="141"
        />
        <line
          x1="983"
          x2="1099"
          y1="21"
          y2="108"
        />
        <line
          x1="1072"
          x2="1175"
          y1="386"
          y2="396"
        />
        <line
          x1="1072"
          x2="1154"
          y1="386"
          y2="267"
        />
        <line
          x1="1099"
          x2="1194"
          y1="108"
          y2="95"
        />
        <line
          x1="1099"
          x2="940"
          y1="108"
          y2="141"
        />
        <line
          x1="857"
          x2="889"
          y1="690"
          y2="599"
        />
        <line
          x1="857"
          x2="705"
          y1="690"
          y2="588"
        />
        <line
          x1="892"
          x2="874"
          y1="320"
          y2="218"
        />
        <line
          x1="892"
          x2="940"
          y1="320"
          y2="141"
        />
        <line
          x1="628"
          x2="525"
          y1="689"
          y2="712"
        />
        <line
          x1="628"
          x2="705"
          y1="689"
          y2="588"
        />
        <line
          x1="1140"
          x2="1171"
          y1="612"
          y2="738"
        />
        <line
          x1="442"
          x2="450"
          y1="265"
          y2="124"
        />
        <line
          x1="442"
          x2="305"
          y1="265"
          y2="304"
        />
        <line
          x1="238"
          x2="336"
          y1="408"
          y2="433"
        />
        <line
          x1="238"
          x2="128"
          y1="408"
          y2="449"
        />
        <line
          x1="162"
          x2="128"
          y1="546"
          y2="449"
        />
        <line
          x1="162"
          x2="314"
          y1="546"
          y2="536"
        />
        <line
          x1="940"
          x2="874"
          y1="141"
          y2="218"
        />
        <line
          x1="705"
          x2="704"
          y1="588"
          y2="432"
        />
        <line
          x1="705"
          x2="889"
          y1="588"
          y2="599"
        />
        <line
          x1="574"
          x2="450"
          y1="85"
          y2="124"
        />
        <line
          x1="314"
          x2="336"
          y1="536"
          y2="433"
        />
        <line
          x1="314"
          x2="490"
          y1="536"
          y2="597"
        />
        <line
          x1="305"
          x2="336"
          y1="304"
          y2="433"
        />
        <line
          x1="1154"
          x2="1175"
          y1="267"
          y2="396"
        />
        <line
          x1="1154"
          x2="1194"
          y1="267"
          y2="95"
        />
        <line
          x1="129"
          x2="261"
          y1="717"
          y2="746"
        />
        <line
          x1="129"
          x2="20"
          y1="717"
          y2="618"
        />
        <line
          x1="704"
          x2="657"
          y1="432"
          y2="328"
        />
        <line
          x1="128"
          x2="20"
          y1="449"
          y2="618"
        />
        <line
          x1="525"
          x2="490"
          y1="712"
          y2="597"
        />
      </g>
      <g
        class="gossip-field-events"
      >
        <circle
          cx="570"
          cy="243"
          r="3.6"
        />
        <circle
          cx="997"
          cy="682"
          r="2.7"
        />
        <circle
          cx="338"
          cy="206"
          r="3.1"
        />
        <circle
          cx="984"
          cy="334"
          r="3.4"
        />
        <circle
          cx="725"
          cy="36"
          r="3.3"
        />
        <circle
          cx="503"
          cy="424"
          r="2.4"
        />
        <circle
          cx="308"
          cy="119"
          r="1.5"
        />
        <circle
          cx="390"
          cy="53"
          r="2.7"
        />
        <circle
          cx="777"
          cy="222"
          r="2.2"
        />
        <circle
          cx="882"
          cy="431"
          r="2"
        />
        <circle
          cx="974"
          cy="502"
          r="1.8"
        />
        <circle
          cx="104"
          cy="331"
          r="2.6"
        />
        <circle
          cx="141"
          cy="134"
          r="1.6"
        />
        <circle
          cx="983"
          cy="21"
          r="2.8"
        />
        <circle
          cx="1072"
          cy="386"
          r="1.6"
        />
        <circle
          cx="1099"
          cy="108"
          r="2.7"
        />
        <circle
          cx="857"
          cy="690"
          r="2.2"
        />
        <circle
          cx="628"
          cy="689"
          r="2.9"
        />
        <circle
          cx="1140"
          cy="612"
          r="1.9"
        />
        <circle
          cx="238"
          cy="408"
          r="3.6"
        />
        <circle
          cx="162"
          cy="546"
          r="2.3"
        />
        <circle
          cx="940"
          cy="141"
          r="2.8"
        />
        <circle
          cx="574"
          cy="85"
          r="2.7"
        />
        <circle
          cx="314"
          cy="536"
          r="2.1"
        />
        <circle
          cx="305"
          cy="304"
          r="1.9"
        />
        <circle
          cx="1154"
          cy="267"
          r="3.5"
        />
        <circle
          cx="129"
          cy="717"
          r="3"
        />
        <circle
          cx="261"
          cy="746"
          r="2"
        />
        <circle
          cx="704"
          cy="432"
          r="3.5"
        />
        <circle
          cx="657"
          cy="328"
          r="2"
        />
        <circle
          cx="1175"
          cy="396"
          r="3.5"
        />
        <circle
          cx="874"
          cy="218"
          r="1.5"
        />
        <circle
          cx="1194"
          cy="95"
          r="2.3"
        />
        <circle
          cx="336"
          cy="433"
          r="2.6"
        />
        <circle
          cx="112"
          cy="10"
          r="2.5"
        />
        <circle
          cx="1171"
          cy="738"
          r="1.6"
        />
        <circle
          cx="20"
          cy="618"
          r="3.2"
        />
        <circle
          cx="525"
          cy="712"
          r="2.4"
        />
        <circle
          cx="889"
          cy="599"
          r="2.3"
        />
        <circle
          cx="79"
          cy="219"
          r="3.6"
        />
        <circle
          cx="450"
          cy="124"
          r="3"
        />
        <circle
          cx="490"
          cy="597"
          r="3.4"
        />
      </g>
      <g
        class="gossip-field-accents"
      >
        <circle
          cx="892"
          cy="320"
          r="5.3"
        />
        <circle
          cx="442"
          cy="265"
          r="5.9"
        />
        <circle
          cx="705"
          cy="588"
          r="6.2"
        />
        <circle
          cx="128"
          cy="449"
          r="5.4"
        />
      </g>
    </svg>
  </div>
  <div
    class="container hiero-principles-inner"
  >
    <div
      class="hiero-principles-thesis"
    >
      <p
        class="hiero-principles-eyebrow"
      >
        Principles
      </p>
      <h2
        class="hiero-principles-heading"
        id="what-is-hiero-heading"
      >
        What is Hiero?
      </h2>
      <div
        class="hiero-principles-intro"
      >
        <p>
          Hiero, a 
          <a
            class="text-red underline hover:text-red-dark transition-colors"
            href="https://www.lfdecentralizedtrust.org/"
            rel="noreferrer noopener"
            target="_blank"
          >
            Linux Foundation Decentralized Trust
          </a>
           project, is vendor-neutral.
        </p>
      </div>
      <nav
        aria-label="What is Hiero?"
        class="hiero-principles-index"
      >
        <ul
          class="hiero-principles-index-list"
          role="list"
        >
          <li>
            <a
              aria-current="location"
              class="hiero-principles-index-link"
              href="#hiero-is-open"
            >
              open
            </a>
          </li>
          <li>
            <a
              class="hiero-principles-index-link"
              href="#hiero-is-leaderless"
            >
              leaderless
            </a>
          </li>
        </ul>
      </nav>
    </div>
    <ul
      class="hiero-principles-list"
      role="list"
    >
      <li
        class="hiero-principles-item"
        data-active="true"
        id="hiero-is-open"
      >
        <img
          alt=""
          class="hiero-principles-icon"
          height="57"
          loading="lazy"
          src="/images/icon-1.svg"
          width="56"
        />
        <div
          class="hiero-principles-body"
        >
          <h3
            class="hiero-principles-term"
          >
            Hiero is 
            <strong>
              open
            </strong>
          </h3>
          <p
            class="hiero-principles-detail"
          >
            Open governance and collaboration.
          </p>
        </div>
      </li>
      <li
        class="hiero-principles-item"
        id="hiero-is-leaderless"
      >
        <img
          alt=""
          class="hiero-principles-icon"
          height="57"
          loading="lazy"
          src="/images/icon-2.svg"
          width="56"
        />
        <div
          class="hiero-principles-body"
        >
          <h3
            class="hiero-principles-term"
          >
            Hiero is 
            <strong>
              leaderless
            </strong>
          </h3>
          <p
            class="hiero-principles-detail"
          >
            Every node participates equally.
          </p>
        </div>
      </li>
    </ul>
  </div>
</section>
`;
