// Vitest Snapshot v1, https://vitest.dev/guide/snapshot.html

exports[`Footer > renders the footer copy and policy link 1`] = `
<div
  class="relative overflow-hidden bg-charcoal"
>
  <div
    class="relative overflow-hidden text-sand"
  >
    <div
      aria-hidden="true"
      class="h-1 w-full bg-linear-to-r from-red-dark via-red-light to-red-dark"
    />
    <div
      aria-hidden="true"
      class="pointer-events-none absolute inset-0 bg-linear-to-br from-red/18 via-transparent to-red-dark/20"
    />
    <div
      aria-hidden="true"
      class="pointer-events-none absolute inset-x-0 bottom-0 h-px bg-linear-to-r from-transparent via-sand/15 to-transparent"
    />
    <div
      class="container relative py-12 sm:py-16 lg:py-18"
    >
      <div
        class="grid gap-x-8 gap-y-12 lg:grid-cols-[minmax(16rem,1.45fr)_minmax(0,3fr)]"
      >
        <div
          class="flex max-w-sm flex-col items-start lg:pr-10"
        >
          <a
            aria-label="Hiero home"
            class="inline-flex rounded-sm focus:outline-none focus-visible:ring-2 focus-visible:ring-red-light focus-visible:ring-offset-4 focus-visible:ring-offset-charcoal"
            href="/"
          >
            <img
              alt="Hiero"
              class="h-10 w-auto sm:h-11"
              height="60"
              src="/images/Hiero-Logo-wText-white.svg"
              width="207"
            />
          </a>
          <p
            class="mt-6 text-sm leading-6 text-sand/70"
          >
            An open-source, vendor-neutral distributed ledger technology, built in the open as a Linux Foundation Decentralized Trust project.
          </p>
          <ul
            class="mt-7 flex items-center gap-2.5"
          >
            <li>
              <a
                class="flex h-10 w-10 items-center justify-center rounded-full border border-sand/20 bg-white/5 transition-all duration-200 ease-out hover:-translate-y-0.5 hover:border-red-light hover:bg-red-light focus:outline-none focus-visible:ring-2 focus-visible:ring-red-light focus-visible:ring-offset-2 focus-visible:ring-offset-charcoal"
                href="https://github.com/hiero-ledger/"
                rel="noopener noreferrer"
                target="_blank"
              >
                <img
                  alt="GitHub"
                  class="h-5 w-5 object-contain"
                  height="20"
                  src="/images/Hiero-Icon-Github-white.svg"
                  width="20"
                />
              </a>
            </li>
            <li>
              <a
                class="flex h-10 w-10 items-center justify-center rounded-full border border-sand/20 bg-white/5 transition-all duration-200 ease-out hover:-translate-y-0.5 hover:border-red-light hover:bg-red-light focus:outline-none focus-visible:ring-2 focus-visible:ring-red-light focus-visible:ring-offset-2 focus-visible:ring-offset-charcoal"
                href="https://discord.com/invite/hyperledger"
                rel="noopener noreferrer"
                target="_blank"
              >
                <img
                  alt="Discord"
                  class="h-5 w-5 object-contain"
                  height="20"
                  src="/images/Hiero-Icon-Discord-white.svg"
                  width="20"
                />
              </a>
            </li>
          </ul>
        </div>
        <nav
          aria-label="Footer"
          class="grid gap-x-8 gap-y-10 sm:grid-cols-3"
        >
          <div>
            <h2
              class="mb-6 text-sand/60 flex items-center gap-2.5 text-xs font-medium tracking-[0.16em] uppercase"
              id="footer-group-project"
            >
              <span
                aria-hidden="true"
                class="h-px w-4 shrink-0 bg-red-light"
              />
              Project
            </h2>
            <ul
              aria-labelledby="footer-group-project"
              class="flex flex-col items-start gap-3"
            >
              <li>
                <a
                  class="group/link text-[0.9375rem] leading-6 text-sand/85 no-underline transition-colors duration-200 ease-out hover:text-white focus:outline-none focus-visible:ring-2 focus-visible:ring-red-light focus-visible:ring-offset-2 focus-visible:ring-offset-charcoal"
                  href="/blog/"
                >
                  Blog
                </a>
              </li>
              <li>
                <a
                  class="group/link text-[0.9375rem] leading-6 text-sand/85 no-underline transition-colors duration-200 ease-out hover:text-white focus:outline-none focus-visible:ring-2 focus-visible:ring-red-light focus-visible:ring-offset-2 focus-visible:ring-offset-charcoal"
                  href="/tsc/"
                >
                  TSC
                </a>
              </li>
              <li>
                <a
                  class="group/link text-[0.9375rem] leading-6 text-sand/85 no-underline transition-colors duration-200 ease-out hover:text-white focus:outline-none focus-visible:ring-2 focus-visible:ring-red-light focus-visible:ring-offset-2 focus-visible:ring-offset-charcoal"
                  href="/issues/"
                >
                  Issue Explorer
                </a>
              </li>
              <li>
                <a
                  class="group/link text-[0.9375rem] leading-6 text-sand/85 no-underline transition-colors duration-200 ease-out hover:text-white focus:outline-none focus-visible:ring-2 focus-visible:ring-red-light focus-visible:ring-offset-2 focus-visible:ring-offset-charcoal"
                  href="/heroes/"
                >
                  Hiero Heroes
                </a>
              </li>
            </ul>
          </div>
          <div>
            <h2
              class="mb-6 text-sand/60 flex items-center gap-2.5 text-xs font-medium tracking-[0.16em] uppercase"
              id="footer-group-community"
            >
              <span
                aria-hidden="true"
                class="h-px w-4 shrink-0 bg-red-light"
              />
              Community
            </h2>
            <ul
              aria-labelledby="footer-group-community"
              class="flex flex-col items-start gap-3"
            >
              <li>
                <a
                  class="group/link text-[0.9375rem] leading-6 text-sand/85 no-underline transition-colors duration-200 ease-out hover:text-white focus:outline-none focus-visible:ring-2 focus-visible:ring-red-light focus-visible:ring-offset-2 focus-visible:ring-offset-charcoal"
                  href="/#contribute"
                >
                  Contribute
                </a>
              </li>
              <li>
                <a
                  class="group/link text-[0.9375rem] leading-6 text-sand/85 no-underline transition-colors duration-200 ease-out hover:text-white focus:outline-none focus-visible:ring-2 focus-visible:ring-red-light focus-visible:ring-offset-2 focus-visible:ring-offset-charcoal"
                  href="/#connect"
                >
                  Connect
                </a>
              </li>
              <li>
                <a
                  class="group/link text-[0.9375rem] leading-6 text-sand/85 no-underline transition-colors duration-200 ease-out hover:text-white focus:outline-none focus-visible:ring-2 focus-visible:ring-red-light focus-visible:ring-offset-2 focus-visible:ring-offset-charcoal"
                  href="https://zoom-lfx.platform.linuxfoundation.org/meetings/hiero?view=week"
                  rel="noopener noreferrer"
                  target="_blank"
                >
                  <span
                    class="whitespace-nowrap"
                  >
                    Calendar
                    <svg
                      aria-hidden="true"
                      class="ml-1.5 inline-block align-[-0.05em] text-sand/60 transition-colors duration-300 ease-in-out group-hover/link:text-red-light"
                      fill="none"
                      focusable="false"
                      height="12"
                      viewBox="0 0 12 12"
                      width="12"
                    >
                      <path
                        d="M3.5 8.5L8.5 3.5M8.5 3.5H4.5M8.5 3.5V7.5"
                        stroke="currentColor"
                        stroke-linecap="round"
                        stroke-linejoin="round"
                        stroke-width="1.25"
                      />
                    </svg>
                  </span>
                </a>
              </li>
              <li>
                <a
                  class="group/link text-[0.9375rem] leading-6 text-sand/85 no-underline transition-colors duration-200 ease-out hover:text-white focus:outline-none focus-visible:ring-2 focus-visible:ring-red-light focus-visible:ring-offset-2 focus-visible:ring-offset-charcoal"
                  href="https://github.com/orgs/hiero-ledger/discussions"
                  rel="noopener noreferrer"
                  target="_blank"
                >
                  <span
                    class="whitespace-nowrap"
                  >
                    Discussions
                    <svg
                      aria-hidden="true"
                      class="ml-1.5 inline-block align-[-0.05em] text-sand/60 transition-colors duration-300 ease-in-out group-hover/link:text-red-light"
                      fill="none"
                      focusable="false"
                      height="12"
                      viewBox="0 0 12 12"
                      width="12"
                    >
                      <path
                        d="M3.5 8.5L8.5 3.5M8.5 3.5H4.5M8.5 3.5V7.5"
                        stroke="currentColor"
                        stroke-linecap="round"
                        stroke-linejoin="round"
                        stroke-width="1.25"
                      />
                    </svg>
                  </span>
                </a>
              </li>
            </ul>
          </div>
          <div>
            <h2
              class="mb-6 text-sand/60 flex items-center gap-2.5 text-xs font-medium tracking-[0.16em] uppercase"
              id="footer-group-resources"
            >
              <span
                aria-hidden="true"
                class="h-px w-4 shrink-0 bg-red-light"
              />
              Resources
            </h2>
            <ul
              aria-labelledby="footer-group-resources"
              class="flex flex-col items-start gap-3"
            >
              <li>
                <a
                  class="group/link text-[0.9375rem] leading-6 text-sand/85 no-underline transition-colors duration-200 ease-out hover:text-white focus:outline-none focus-visible:ring-2 focus-visible:ring-red-light focus-visible:ring-offset-2 focus-visible:ring-offset-charcoal"
                  href="https://github.com/orgs/hiero-ledger/repositories"
                  rel="noopener noreferrer"
                  target="_blank"
                >
                  <span
                    class="whitespace-nowrap"
                  >
                    Repositories
                    <svg
                      aria-hidden="true"
                      class="ml-1.5 inline-block align-[-0.05em] text-sand/60 transition-colors duration-300 ease-in-out group-hover/link:text-red-light"
                      fill="none"
                      focusable="false"
                      height="12"
                      viewBox="0 0 12 12"
                      width="12"
                    >
                      <path
                        d="M3.5 8.5L8.5 3.5M8.5 3.5H4.5M8.5 3.5V7.5"
                        stroke="currentColor"
                        stroke-linecap="round"
                        stroke-linejoin="round"
                        stroke-width="1.25"
                      />
                    </svg>
                  </span>
                </a>
              </li>
              <li>
                <a
                  class="group/link text-[0.9375rem] leading-6 text-sand/85 no-underline transition-colors duration-200 ease-out hover:text-white focus:outline-none focus-visible:ring-2 focus-visible:ring-red-light focus-visible:ring-offset-2 focus-visible:ring-offset-charcoal"
                  href="https://github.com/hiero-ledger/governance/blob/main/hiero-technical-charter.md"
                  rel="noopener noreferrer"
                  target="_blank"
                >
                  Technical 
                  <span
                    class="whitespace-nowrap"
                  >
                    Charter
                    <svg
                      aria-hidden="true"
                      class="ml-1.5 inline-block align-[-0.05em] text-sand/60 transition-colors duration-300 ease-in-out group-hover/link:text-red-light"
                      fill="none"
                      focusable="false"
                      height="12"
                      viewBox="0 0 12 12"
                      width="12"
                    >
                      <path
                        d="M3.5 8.5L8.5 3.5M8.5 3.5H4.5M8.5 3.5V7.5"
                        stroke="currentColor"
                        stroke-linecap="round"
                        stroke-linejoin="round"
                        stroke-width="1.25"
                      />
                    </svg>
                  </span>
                </a>
              </li>
              <li>
                <a
                  class="group/link text-[0.9375rem] leading-6 text-sand/85 no-underline transition-colors duration-200 ease-out hover:text-white focus:outline-none focus-visible:ring-2 focus-visible:ring-red-light focus-visible:ring-offset-2 focus-visible:ring-offset-charcoal"
                  href="https://www.lfdecentralizedtrust.org/projects/hiero"
                  rel="noopener noreferrer"
                  target="_blank"
                >
                  LF Decentralized 
                  <span
                    class="whitespace-nowrap"
                  >
                    Trust
                    <svg
                      aria-hidden="true"
                      class="ml-1.5 inline-block align-[-0.05em] text-sand/60 transition-colors duration-300 ease-in-out group-hover/link:text-red-light"
                      fill="none"
                      focusable="false"
                      height="12"
                      viewBox="0 0 12 12"
                      width="12"
                    >
                      <path
                        d="M3.5 8.5L8.5 3.5M8.5 3.5H4.5M8.5 3.5V7.5"
                        stroke="currentColor"
                        stroke-linecap="round"
                        stroke-linejoin="round"
                        stroke-width="1.25"
                      />
                    </svg>
                  </span>
                </a>
              </li>
            </ul>
          </div>
        </nav>
      </div>
    </div>
  </div>
  <div
    class="bg-sand text-charcoal"
  >
    <div
      class="container py-7 sm:py-8"
    >
      <div
        class="grid gap-7 lg:grid-cols-[minmax(0,1fr)_auto] lg:items-center lg:gap-12"
      >
        <div
          class="grid gap-7 sm:grid-cols-[auto_minmax(0,1fr)] sm:items-center sm:gap-10"
        >
          <div
            class="flex flex-col gap-3"
          >
            <h2
              class="text-charcoal/70 flex items-center gap-2.5 text-xs font-medium tracking-[0.16em] uppercase"
              id="footer-affiliations"
            >
              <span
                aria-hidden="true"
                class="h-px w-4 shrink-0 bg-red"
              />
              Hosted by
            </h2>
            <ul
              aria-labelledby="footer-affiliations"
              class="flex flex-wrap items-center gap-x-7 gap-y-4"
            >
              <li>
                <a
                  class="inline-flex max-w-full rounded-sm transition-opacity duration-200 ease-out hover:opacity-70 focus:outline-none focus-visible:ring-2 focus-visible:ring-red focus-visible:ring-offset-4 focus-visible:ring-offset-sand"
                  href="https://www.lfdecentralizedtrust.org/projects/hiero"
                  rel="noopener noreferrer"
                  target="_blank"
                >
                  <img
                    alt="LF Decentralized Trust"
                    class="max-w-full object-contain h-3.5 w-auto sm:h-4"
                    height="39"
                    src="/images/LFDT-Logo-Horizontal-color.svg"
                    width="699"
                  />
                </a>
              </li>
              <li>
                <a
                  class="inline-flex max-w-full rounded-sm transition-opacity duration-200 ease-out hover:opacity-70 focus:outline-none focus-visible:ring-2 focus-visible:ring-red focus-visible:ring-offset-4 focus-visible:ring-offset-sand"
                  href="https://www.linuxfoundation.org/"
                  rel="noopener noreferrer"
                  target="_blank"
                >
                  <img
                    alt="The Linux Foundation"
                    class="max-w-full object-contain h-7 w-auto sm:h-8"
                    height="50"
                    src="/images/LF-Logo-black.svg"
                    width="150"
                  />
                </a>
              </li>
            </ul>
          </div>
          <div
            class="border-charcoal/15 text-sm leading-6 text-charcoal/70 sm:border-l sm:pl-10"
          >
            <p>
              Copyright © Hiero a Series of LF Projects, LLC
            </p>
            <p>
              For web site terms, trademarks and project policies, see
               
              <a
                class="font-medium text-red underline decoration-red/35 underline-offset-2 transition-colors duration-200 ease-out hover:text-red-dark hover:decoration-red-dark"
                href="https://lfprojects.org"
                rel="noreferrer noopener"
                target="_blank"
              >
                LF Projects
              </a>
              .
            </p>
          </div>
        </div>
        <div
          class="justify-self-end"
        >
          <button
            aria-label="Back to top"
            class="flex h-11 w-11 shrink-0 items-center justify-center rounded-full border border-charcoal/20 text-charcoal transition-colors duration-300 ease-in-out hover:border-red hover:bg-red hover:text-white focus:outline-none focus-visible:ring-2 focus-visible:ring-red focus-visible:ring-offset-2 focus-visible:ring-offset-sand"
            type="button"
          >
            <svg
              aria-hidden="true"
              fill="none"
              focusable="false"
              height="16"
              viewBox="0 0 16 16"
              width="16"
            >
              <path
                d="M8 13.25V3.25M8 3.25L3.25 8M8 3.25L12.75 8"
                stroke="currentColor"
                stroke-linecap="round"
                stroke-linejoin="round"
                stroke-width="1.5"
              />
            </svg>
          </button>
        </div>
      </div>
    </div>
  </div>
</div>
`;
